81.73.150.239 - - [01/May/2016:02:00:00 +0100] "GET /section3 HTTP/1.0" 200 4316 "http://shoptoplist.com/top_shops" "Mozilla/5.0 (Windows; U; Windows NT 6.1; rv:2.2) Gecko/20110201"
218.193.16.244 - - [01/May/2016:02:39:41 +0100] "GET /section8 HTTP/1.0" 200 3851 "http://productreviews.com" "Mozilla/5.0 (Macintosh; Intel Mac OS X 10_9_2) AppleWebKit/537.36 (KHTML, like Gecko) Chrome/36.0.1944.0 Safari/537.36"
123.221.14.56 - - [01/May/2016:04:32:30 +0100] "GET /section1 HTTP/1.0" 200 4421 "http://shoptoplist.com/top_shops" "Mozilla/5.0 (Windows; U; Windows NT 6.1; rv:2.2) Gecko/20110201"
237.43.24.118 - - [01/May/2016:05:59:20 +0100] "GET /section7 HTTP/1.0" 200 4864 "http://searchengine.com" "Mozilla/5.0 (Windows; U; MSIE 9.0; WIndows NT 9.0; en-US))"
237.43.24.118 - - [01/May/2016:08:31:27 +0100] "GET /section3 HTTP/1.0" 200 4254 "http://searchengine.com" "Mozilla/5.0 (Windows; U; MSIE 9.0; WIndows NT 9.0; en-US))"
16.180.70.237 - - [01/May/2016:15:13:24 +0100] "GET /section4 HTTP/1.0" 200 2544 "http://shoptoplist.com/top_shops" "Mozilla/5.0 (iPad; CPU OS 6_0 like Mac OS X) AppleWebKit/536.26 (KHTML, like Gecko) Version/6.0 Mobile/10A5355d Safari/8536.25"
123.221.14.56 - - [01/May/2016:16:43:08 +0100] "GET /section5 HTTP/1.0" 200 3791 "http://shoptoplist.com/top_shops" "Mozilla/5.0 (Macintosh; Intel Mac OS X 10_9_2) AppleWebKit/537.36 (KHTML, like Gecko) Chrome/36.0.1944.0 Safari/537.36"
10.182.189.79 - - [01/May/2016:23:02:55 +0100] "GET /section7 HTTP/1.0" 200 2946 "-" "Mozilla/5.0 (iPad; CPU OS 6_0 like Mac OS X) AppleWebKit/536.26 (KHTML, like Gecko) Version/6.0 Mobile/10A5355d Safari/8536.25"
198.122.118.164 - - [02/May/2016:04:53:19 +0100] "GET /section4 HTTP/1.0" 200 4080 "http://searchengine.com" "Mozilla/5.0 (Windows NT 5.1; rv:31.0) Gecko/20100101 Firefox/31.0"
233.192.62.103 - - [02/May/2016:10:00:31 +0100] "GET /section8 HTTP/1.0" 200 4917 "http://productreviews.com" "Mozilla/5.0 (Windows NT 5.1; rv:31.0) Gecko/20100101 Firefox/31.0"
233.192.62.103 - - [03/May/2016:04:47:03 +0100] "GET /section3 HTTP/1.0" 200 3340 "http://productreviews.com" "Mozilla/5.0 (Windows; U; MSIE 9.0; WIndows NT 9.0; en-US))"
81.73.150.239 - - [04/May/2016:01:39:44 +0100] "GET /section1 HTTP/1.0" 200 2757 "http://shoptoplist.com/top_shops" "Mozilla/5.0 (iPad; CPU OS 6_0 like Mac OS X) AppleWebKit/536.26 (KHTML, like Gecko) Version/6.0 Mobile/10A5355d Safari/8536.25"
16.180.70.237 - - [04/May/2016:19:40:17 +0100] "GET /section7 HTTP/1.0" 200 4139 "http://productreviews.com" "Mozilla/5.0 (Windows; U; Windows NT 6.1; rv:2.2) Gecko/20110201"
218.193.16.244 - - [05/May/2016:18:05:24 +0100] "GET /section2 HTTP/1.0" 200 2836 "http://productreviews.com" "Mozilla/4.0 (compatible; MSIE 7.0; Windows NT 6.0)"
233.192.62.103 - - [05/May/2016:21:42:54 +0100] "GET /section7 HTTP/1.0" 200 3942 "http://shoptoplist.com/top_shops" "Mozilla/5.0 (Windows; U; Windows NT 6.1; rv:2.2) Gecko/20110201"
198.122.118.164 - - [06/May/2016:10:23:00 +0100] "GET /section3 HTTP/1.0" 200 3493 "http://productreviews.com" "Mozilla/5.0 (Windows NT 5.1; rv:31.0) Gecko/20100101 Firefox/31.0"
198.122.118.164 - - [07/May/2016:13:01:03 +0100] "GET /section7 HTTP/1.0" 200 2741 "http://www.shoppingsite.com" "Mozilla/5.0 (Windows NT 5.1; rv:31.0) Gecko/20100101 Firefox/31.0"
233.192.62.103 - - [08/May/2016:06:29:41 +0100] "GET /section3 HTTP/1.0" 200 4803 "-" "Mozilla/4.0 (compatible; MSIE 7.0; Windows NT 6.0)"
16.180.70.237 - - [09/May/2016:12:02:32 +0100] "GET /section7 HTTP/1.0" 200 2997 "-" "Mozilla/5.0 (Windows; U; Windows NT 6.1; rv:2.2) Gecko/20110201"
218.193.16.244 - - [10/May/2016:09:21:05 +0100] "GET /section5 HTTP/1.0" 200 3936 "http://productreviews.com" "Mozilla/5.0 (Windows NT 5.1; rv:31.0) Gecko/20100101 Firefox/31.0"
16.180.70.237 - - [11/May/2016:06:51:47 +0100] "GET /section8 HTTP/1.0" 200 4290 "http://www.shoppingsite.com" "Mozilla/5.0 (Macintosh; Intel Mac OS X 10_9_2) AppleWebKit/537.36 (KHTML, like Gecko) Chrome/36.0.1944.0 Safari/537.36"
16.180.70.237 - - [11/May/2016:18:16:33 +0100] "GET /section4 HTTP/1.0" 200 3775 "http://searchengine.com" "Mozilla/5.0 (Linux; U; Android 2.3.5; en-us; HTC Vision Build/GRI40) AppleWebKit/533.1 (KHTML, like Gecko) Version/4.0 Mobile Safari/533.1"
114.214.178.92 - - [13/May/2016:07:06:22 +0100] "GET /section1 HTTP/1.0" 200 3919 "-" "Mozilla/5.0 (iPad; CPU OS 6_0 like Mac OS X) AppleWebKit/536.26 (KHTML, like Gecko) Version/6.0 Mobile/10A5355d Safari/8536.25"
218.193.16.244 - - [13/May/2016:16:52:35 +0100] "GET /section7 HTTP/1.0" 200 4596 "http://www.shoppingsite.com" "Mozilla/5.0 (Macintosh; Intel Mac OS X 10_9_2) AppleWebKit/537.36 (KHTML, like Gecko) Chrome/36.0.1944.0 Safari/537.36"
81.73.150.239 - - [16/May/2016:00:33:37 +0100] "GET /section1 HTTP/1.0" 200 2740 "http://shoptoplist.com/top_shops" "Mozilla/5.0 (Windows NT 5.1; rv:31.0) Gecko/20100101 Firefox/31.0"
123.221.14.56 - - [16/May/2016:08:46:20 +0100] "GET /section3 HTTP/1.0" 200 4901 "http://www.shoppingsite.com" "Mozilla/5.0 (Linux; U; Android 2.3.5; en-us; HTC Vision Build/GRI40) AppleWebKit/533.1 (KHTML, like Gecko) Version/4.0 Mobile Safari/533.1"
218.193.16.244 - - [18/May/2016:04:03:27 +0100] "GET /section8 HTTP/1.0" 200 2822 "-" "Mozilla/5.0 (iPad; CPU OS 6_0 like Mac OS X) AppleWebKit/536.26 (KHTML, like Gecko) Version/6.0 Mobile/10A5355d Safari/8536.25"
10.182.189.79 - - [19/May/2016:10:27:09 +0100] "GET /section6 HTTP/1.0" 200 3396 "http://searchengine.com" "Mozilla/5.0 (Macintosh; Intel Mac OS X 10_9_2) AppleWebKit/537.36 (KHTML, like Gecko) Chrome/36.0.1944.0 Safari/537.36"
123.221.14.56 - - [20/May/2016:22:19:11 +0100] "GET /section7 HTTP/1.0" 200 4872 "http://shoptoplist.com/top_shops" "Mozilla/5.0 (Windows NT 5.1; rv:31.0) Gecko/20100101 Firefox/31.0"
16.180.70.237 - - [21/May/2016:16:38:13 +0100] "GET /section4 HTTP/1.0" 200 4470 "http://searchengine.com" "Mozilla/5.0 (Macintosh; Intel Mac OS X 10_9_2) AppleWebKit/537.36 (KHTML, like Gecko) Chrome/36.0.1944.0 Safari/537.36"
114.214.178.92 - - [21/May/2016:23:43:28 +0100] "GET /section1 HTTP/1.0" 200 3574 "http://www.shoppingsite.com" "Mozilla/5.0 (Windows NT 5.1; rv:31.0) Gecko/20100101 Firefox/31.0"
233.192.62.103 - - [23/May/2016:11:09:26 +0100] "GET /section4 HTTP/1.0" 200 4615 "http://shoptoplist.com/top_shops" "Mozilla/5.0 (Linux; U; Android 2.3.5; en-us; HTC Vision Build/GRI40) AppleWebKit/533.1 (KHTML, like Gecko) Version/4.0 Mobile Safari/533.1"
244.157.45.12 - - [23/May/2016:23:12:02 +0100] "GET /section6 HTTP/1.0" 200 3477 "http://productreviews.com" "Mozilla/5.0 (Windows; U; Windows NT 6.1; rv:2.2) Gecko/20110201"
233.192.62.103 - - [24/May/2016:15:57:04 +0100] "GET /section7 HTTP/1.0" 200 2891 "http://shoptoplist.com/top_shops" "Mozilla/5.0 (Linux; U; Android 2.3.5; en-us; HTC Vision Build/GRI40) AppleWebKit/533.1 (KHTML, like Gecko) Version/4.0 Mobile Safari/533.1"
244.157.45.12 - - [26/May/2016:21:57:25 +0100] "GET /section7 HTTP/1.0" 200 4037 "-" "Mozilla/5.0 (Windows; U; MSIE 9.0; WIndows NT 9.0; en-US))"
10.182.189.79 - - [29/May/2016:01:42:38 +0100] "GET /section3 HTTP/1.0" 200 2403 "-" "Mozilla/5.0 (Linux; U; Android 2.3.5; en-us; HTC Vision Build/GRI40) AppleWebKit/533.1 (KHTML, like Gecko) Version/4.0 Mobile Safari/533.1"
237.43.24.118 - - [30/May/2016:13:56:08 +0100] "GET /section2 HTTP/1.0" 200 4254 "-" "Mozilla/5.0 (iPad; CPU OS 6_0 like Mac OS X) AppleWebKit/536.26 (KHTML, like Gecko) Version/6.0 Mobile/10A5355d Safari/8536.25"
198.122.118.164 - - [03/Jun/2016:12:19:02 +0100] "GET /section4 HTTP/1.0" 200 4133 "http://shoptoplist.com/top_shops" "Mozilla/5.0 (Linux; U; Android 2.3.5; en-us; HTC Vision Build/GRI40) AppleWebKit/533.1 (KHTML, like Gecko) Version/4.0 Mobile Safari/533.1"
114.214.178.92 - - [04/Jun/2016:17:36:41 +0100] "GET /section7 HTTP/1.0" 200 2303 "http://shoptoplist.com/top_shops" "Mozilla/5.0 (Windows; U; Windows NT 6.1; rv:2.2) Gecko/20110201"
16.180.70.237 - - [09/Jun/2016:13:29:01 +0100] "GET /section8 HTTP/1.0" 200 3596 "-" "Mozilla/5.0 (Linux; U; Android 2.3.5; en-us; HTC Vision Build/GRI40) AppleWebKit/533.1 (KHTML, like Gecko) Version/4.0 Mobile Safari/533.1"
198.122.118.164 - - [10/Jun/2016:07:26:24 +0100] "GET /section1 HTTP/1.0" 200 3549 "http://productreviews.com" "Mozilla/5.0 (Macintosh; Intel Mac OS X 10_9_2) AppleWebKit/537.36 (KHTML, like Gecko) Chrome/36.0.1944.0 Safari/537.36"
218.193.16.244 - - [15/Jun/2016:02:49:21 +0100] "GET /section8 HTTP/1.0" 200 2923 "http://searchengine.com" "Mozilla/5.0 (Linux; U; Android 2.3.5; en-us; HTC Vision Build/GRI40) AppleWebKit/533.1 (KHTML, like Gecko) Version/4.0 Mobile Safari/533.1"
233.192.62.103 - - [16/Jun/2016:08:03:22 +0100] "GET /section5 HTTP/1.0" 200 2753 "http://productreviews.com" "Mozilla/4.0 (compatible; MSIE 7.0; Windows NT 6.0)"
233.192.62.103 - - [21/Jun/2016:17:05:51 +0100] "GET /section2 HTTP/1.0" 200 2293 "http://productreviews.com" "Mozilla/4.0 (compatible; MSIE 7.0; Windows NT 6.0)"
10.182.189.79 - - [22/Jun/2016:07:47:24 +0100] "GET /section8 HTTP/1.0" 200 3044 "http://searchengine.com" "Mozilla/5.0 (Linux; U; Android 2.3.5; en-us; HTC Vision Build/GRI40) AppleWebKit/533.1 (KHTML, like Gecko) Version/4.0 Mobile Safari/533.1"
237.43.24.118 - - [23/Jun/2016:03:27:25 +0100] "GET /section5 HTTP/1.0" 200 3591 "http://shoptoplist.com/top_shops" "Mozilla/5.0 (Macintosh; Intel Mac OS X 10_9_2) AppleWebKit/537.36 (KHTML, like Gecko) Chrome/36.0.1944.0 Safari/537.36"
237.43.24.118 - - [24/Jun/2016:02:54:15 +0100] "GET /section1 HTTP/1.0" 200 2997 "http://www.shoppingsite.com" "Mozilla/5.0 (Macintosh; Intel Mac OS X 10_9_2) AppleWebKit/537.36 (KHTML, like Gecko) Chrome/36.0.1944.0 Safari/537.36"
198.122.118.164 - - [26/Jun/2016:12:54:41 +0100] "GET /section7 HTTP/1.0" 200 2941 "http://shoptoplist.com/top_shops" "Mozilla/5.0 (Windows; U; Windows NT 6.1; rv:2.2) Gecko/20110201"
198.122.118.164 - - [27/Jun/2016:11:51:33 +0100] "GET /section5 HTTP/1.0" 200 2297 "http://www.shoppingsite.com" "Mozilla/5.0 (Windows NT 5.1; rv:31.0) Gecko/20100101 Firefox/31.0"
123.221.14.56 - - [03/Jul/2016:00:41:02 +0100] "GET /section6 HTTP/1.0" 200 2534 "-" "Mozilla/5.0 (iPad; CPU OS 6_0 like Mac OS X) AppleWebKit/536.26 (KHTML, like Gecko) Version/6.0 Mobile/10A5355d Safari/8536.25"
16.180.70.237 - - [05/Jul/2016:13:22:09 +0100] "GET /section2 HTTP/1.0" 200 4519 "http://searchengine.com" "Mozilla/5.0 (Windows; U; MSIE 9.0; WIndows NT 9.0; en-US))"
244.157.45.12 - - [12/Jul/2016:15:38:46 +0100] "GET /section8 HTTP/1.0" 200 4424 "-" "Mozilla/5.0 (Windows; U; MSIE 9.0; WIndows NT 9.0; en-US))"
10.182.189.79 - - [13/Jul/2016:10:37:16 +0100] "GET /section6 HTTP/1.0" 200 2286 "http://www.shoppingsite.com" "Mozilla/5.0 (Windows NT 5.1; rv:31.0) Gecko/20100101 Firefox/31.0"
81.73.150.239 - - [18/Jul/2016:21:45:26 +0100] "GET /section1 HTTP/1.0" 200 2062 "http://shoptoplist.com/top_shops" "Mozilla/5.0 (Macintosh; Intel Mac OS X 10_9_2) AppleWebKit/537.36 (KHTML, like Gecko) Chrome/36.0.1944.0 Safari/537.36"
237.43.24.118 - - [19/Jul/2016:19:05:29 +0100] "GET /section5 HTTP/1.0" 200 4785 "http://www.shoppingsite.com" "Mozilla/5.0 (Windows NT 5.1; rv:31.0) Gecko/20100101 Firefox/31.0"
123.221.14.56 - - [20/Jul/2016:21:37:44 +0100] "GET /section3 HTTP/1.0" 200 2221 "http://www.shoppingsite.com" "Mozilla/5.0 (Windows; U; MSIE 9.0; WIndows NT 9.0; en-US))"
114.214.178.92 - - [25/Jul/2016:15:19:32 +0100] "GET /section4 HTTP/1.0" 200 2312 "http://shoptoplist.com/top_shops" "Mozilla/5.0 (Linux; U; Android 2.3.5; en-us; HTC Vision Build/GRI40) AppleWebKit/533.1 (KHTML, like Gecko) Version/4.0 Mobile Safari/533.1"
81.73.150.239 - - [26/Jul/2016:19:44:33 +0100] "GET /section6 HTTP/1.0" 200 4210 "http://www.shoppingsite.com" "Mozilla/4.0 (compatible; MSIE 7.0; Windows NT 6.0)"
10.182.189.79 - - [30/Jul/2016:09:47:00 +0100] "GET /section8 HTTP/1.0" 200 2505 "http://productreviews.com" "Mozilla/5.0 (Windows; U; Windows NT 6.1; rv:2.2) Gecko/20110201"
81.73.150.239 - - [02/Aug/2016:20:08:13 +0100] "GET /section2 HTTP/1.0" 200 3295 "http://searchengine.com" "Mozilla/5.0 (Windows; U; MSIE 9.0; WIndows NT 9.0; en-US))"
81.73.150.239 - - [09/Aug/2016:14:41:12 +0100] "GET /section6 HTTP/1.0" 200 2798 "http://productreviews.com" "Mozilla/5.0 (Windows NT 5.1; rv:31.0) Gecko/20100101 Firefox/31.0"
233.192.62.103 - - [18/Aug/2016:04:30:49 +0100] "GET /section6 HTTP/1.0" 200 3516 "-" "Mozilla/5.0 (iPad; CPU OS 6_0 like Mac OS X) AppleWebKit/536.26 (KHTML, like Gecko) Version/6.0 Mobile/10A5355d Safari/8536.25"
233.192.62.103 - - [19/Aug/2016:06:29:36 +0100] "GET /section2 HTTP/1.0" 200 3077 "http://shoptoplist.com/top_shops" "Mozilla/5.0 (Windows NT 5.1; rv:31.0) Gecko/20100101 Firefox/31.0"
10.182.189.79 - - [25/Aug/2016:16:42:10 +0100] "GET /section2 HTTP/1.0" 200 2213 "http://www.shoppingsite.com" "Mozilla/5.0 (Windows NT 5.1; rv:31.0) Gecko/20100101 Firefox/31.0"
233.192.62.103 - - [04/Sep/2016:03:54:06 +0100] "GET /section4 HTTP/1.0" 200 3657 "http://www.shoppingsite.com" "Mozilla/5.0 (Macintosh; Intel Mac OS X 10_9_2) AppleWebKit/537.36 (KHTML, like Gecko) Chrome/36.0.1944.0 Safari/537.36"
244.157.45.12 - - [09/Sep/2016:18:13:32 +0100] "GET /section5 HTTP/1.0" 200 4240 "http://productreviews.com" "Mozilla/5.0 (Linux; U; Android 2.3.5; en-us; HTC Vision Build/GRI40) AppleWebKit/533.1 (KHTML, like Gecko) Version/4.0 Mobile Safari/533.1"
244.157.45.12 - - [20/Sep/2016:15:39:40 +0100] "GET /section4 HTTP/1.0" 200 2188 "http://shoptoplist.com/top_shops" "Mozilla/5.0 (Windows; U; MSIE 9.0; WIndows NT 9.0; en-US))"
123.221.14.56 - - [30/Sep/2016:04:56:22 +0100] "GET /section6 HTTP/1.0" 200 2254 "-" "Mozilla/5.0 (Windows; U; Windows NT 6.1; rv:2.2) Gecko/20110201"
